Component: ARM Compiler 5.05 update 1 (build 106) Tool: armlink [4d0efa]

==============================================================================

Section Cross References

    main.o(.text) refers to key.o(.text) for KEY_Scan
    main.o(.text) refers to noretval__2printf.o(.text) for __2printf
    main.o(.text) refers to my_gui.o(.text) for my_gui_back_home
    main.o(.text) refers to delay.o(.text) for delay_init
    main.o(.text) refers to misc.o(.text) for NVIC_PriorityGroupConfig
    main.o(.text) refers to usart.o(.text) for uart_init
    main.o(.text) refers to led.o(.text) for LED_Init
    main.o(.text) refers to timer.o(.text) for TIM3_Int_Init
    main.o(.text) refers to lcd.o(.text) for LCD_Init
    main.o(.text) refers to lv_obj.o(.text) for lv_init
    main.o(.text) refers to lv_port_disp.o(.text) for lv_port_disp_init
    main.o(.text) refers to lv_port_indev.o(.text) for lv_port_indev_init
    main.o(.text) refers to lv_task.o(.text) for lv_task_handler
    main.o(.text) refers to main.o(.data) for key
    system_stm32f10x.o(.text) refers to system_stm32f10x.o(.data) for SystemCoreClock
    led.o(.text) refers to stm32f10x_rcc.o(.text) for RCC_APB2PeriphClockCmd
    led.o(.text) refers to stm32f10x_gpio.o(.text) for GPIO_Init
    key.o(.text) refers to stm32f10x_rcc.o(.text) for RCC_APB2PeriphClockCmd
    key.o(.text) refers to stm32f10x_gpio.o(.text) for GPIO_Init
    key.o(.text) refers to delay.o(.text) for delay_ms
    key.o(.text) refers to key.o(.data) for key_up
    lcd.o(.text) refers to _printf_percent.o(.ARM.Collect$$_printf_percent$$00000000) for _printf_percent
    lcd.o(.text) refers to _printf_x.o(.ARM.Collect$$_printf_percent$$0000000C) for _printf_x
    lcd.o(.text) refers to _printf_hex_int.o(.text) for _printf_longlong_hex
    lcd.o(.text) refers to delay.o(.text) for delay_us
    lcd.o(.text) refers to lcd.o(.bss) for lcddev
    lcd.o(.text) refers to lcd.o(.data) for POINT_COLOR
    lcd.o(.text) refers to dflt_clz.o(x$fpl$dfltu) for __aeabi_ui2d
    lcd.o(.text) refers to dmul.o(x$fpl$dmul) for __aeabi_dmul
    lcd.o(.text) refers to dfixu.o(x$fpl$dfixu) for __aeabi_d2uiz
    lcd.o(.text) refers to stm32f10x_rcc.o(.text) for RCC_AHBPeriphClockCmd
    lcd.o(.text) refers to stm32f10x_gpio.o(.text) for GPIO_Init
    lcd.o(.text) refers to stm32f10x_fsmc.o(.text) for FSMC_NORSRAMInit
    lcd.o(.text) refers to noretval__2printf.o(.text) for __2printf
    lcd.o(.text) refers to lcd.o(.constdata) for asc2_1206
    myiic.o(.text) refers to stm32f10x_rcc.o(.text) for RCC_APB2PeriphClockCmd
    myiic.o(.text) refers to stm32f10x_gpio.o(.text) for GPIO_Init
    myiic.o(.text) refers to delay.o(.text) for delay_us
    24cxx.o(.text) refers to myiic.o(.text) for IIC_Init
    24cxx.o(.text) refers to delay.o(.text) for delay_ms
    spi.o(.text) refers to stm32f10x_spi.o(.text) for SPI_I2S_GetFlagStatus
    spi.o(.text) refers to stm32f10x_rcc.o(.text) for RCC_APB2PeriphClockCmd
    spi.o(.text) refers to stm32f10x_gpio.o(.text) for GPIO_Init
    w25qxx.o(.text) refers to _printf_percent.o(.ARM.Collect$$_printf_percent$$00000000) for _printf_percent
    w25qxx.o(.text) refers to _printf_x.o(.ARM.Collect$$_printf_percent$$0000000C) for _printf_x
    w25qxx.o(.text) refers to _printf_hex_int.o(.text) for _printf_longlong_hex
    w25qxx.o(.text) refers to spi.o(.text) for SPI2_ReadWriteByte
    w25qxx.o(.text) refers to stm32f10x_rcc.o(.text) for RCC_APB2PeriphClockCmd
    w25qxx.o(.text) refers to stm32f10x_gpio.o(.text) for GPIO_Init
    w25qxx.o(.text) refers to noretval__2printf.o(.text) for __2printf
    w25qxx.o(.text) refers to delay.o(.text) for delay_us
    w25qxx.o(.text) refers to w25qxx.o(.data) for W25QXX_TYPE
    w25qxx.o(.text) refers to w25qxx.o(.bss) for W25QXX_BUFFER
    touch.o(.text) refers to delay.o(.text) for delay_us
    touch.o(.text) refers to lcd.o(.text) for LCD_DrawLine
    touch.o(.text) refers to fflt_clz.o(x$fpl$fflt) for __aeabi_i2f
    touch.o(.text) refers to fflt_clz.o(x$fpl$ffltu) for __aeabi_ui2f
    touch.o(.text) refers to fmul.o(x$fpl$fmul) for __aeabi_fmul
    touch.o(.text) refers to faddsub_clz.o(x$fpl$fadd) for __aeabi_fadd
    touch.o(.text) refers to ffixu.o(x$fpl$ffixu) for __aeabi_f2uiz
    touch.o(.text) refers to 24cxx.o(.text) for AT24CXX_Write
    touch.o(.text) refers to touch.o(.data) for CMD_RDX
    touch.o(.text) refers to lcd.o(.data) for POINT_COLOR
    touch.o(.text) refers to dflt_clz.o(x$fpl$dfltu) for __aeabi_ui2d
    touch.o(.text) refers to sqrt.o(i.sqrt) for sqrt
    touch.o(.text) refers to dfixu.o(x$fpl$dfixu) for __aeabi_d2uiz
    touch.o(.text) refers to fdiv.o(x$fpl$fdiv) for __aeabi_fdiv
    touch.o(.text) refers to f2d.o(x$fpl$f2d) for __aeabi_f2d
    touch.o(.text) refers to dleqf.o(x$fpl$dleqf) for __aeabi_cdcmple
    touch.o(.text) refers to drleqf.o(x$fpl$drleqf) for __aeabi_cdrcmple
[...]
    lv_mem_alloc                             0x080209ab   Thumb Code    90  lv_mem.o(.text)
    lv_mem_defrag                            0x08020a05   Thumb Code   110  lv_mem.o(.text)
    lv_mem_free                              0x08020a73   Thumb Code   118  lv_mem.o(.text)
    _lv_memcpy                               0x08020ae9   Thumb Code   654  lv_mem.o(.text)
    _lv_mem_get_size                         0x08020d77   Thumb Code    26  lv_mem.o(.text)
    lv_mem_realloc                           0x08020d91   Thumb Code   120  lv_mem.o(.text)
    lv_mem_test                              0x08020e09   Thumb Code    70  lv_mem.o(.text)
    _lv_memset                               0x08020e4f   Thumb Code   116  lv_mem.o(.text)
    lv_mem_monitor                           0x08020ec3   Thumb Code   148  lv_mem.o(.text)
    _lv_mem_buf_get                          0x08020f57   Thumb Code   290  lv_mem.o(.text)
    _lv_mem_buf_release                      0x08021079   Thumb Code    74  lv_mem.o(.text)
    _lv_mem_buf_free_all                     0x080210c3   Thumb Code    78  lv_mem.o(.text)
    _lv_memset_00                            0x08021111   Thumb Code   182  lv_mem.o(.text)
    _lv_memset_ff                            0x080211c7   Thumb Code   114  lv_mem.o(.text)
    lv_snprintf                              0x08021aff   Thumb Code    42  lv_printf.o(.text)
    lv_vsnprintf                             0x08021b29   Thumb Code    30  lv_printf.o(.text)
    lv_task_enable                           0x08021b69   Thumb Code     6  lv_task.o(.text)
    _lv_task_core_init                       0x08021b6f   Thumb Code    18  lv_task.o(.text)
    lv_task_del                              0x08021b9d   Thumb Code    40  lv_task.o(.text)
    lv_task_handler                          0x08021c05   Thumb Code   426  lv_task.o(.text)
    lv_task_create                           0x08021daf   Thumb Code   220  lv_task.o(.text)
    lv_task_create_basic                     0x08021e8b   Thumb Code    18  lv_task.o(.text)
    lv_task_set_cb                           0x08021e9d   Thumb Code     4  lv_task.o(.text)
    lv_task_set_prio                         0x08021ea1   Thumb Code    94  lv_task.o(.text)
    lv_task_set_period                       0x08021eff   Thumb Code     4  lv_task.o(.text)
    lv_task_ready                            0x08021f03   Thumb Code    18  lv_task.o(.text)
    lv_task_set_repeat_count                 0x08021f15   Thumb Code     4  lv_task.o(.text)
    lv_task_reset                            0x08021f19   Thumb Code    12  lv_task.o(.text)
    lv_task_get_idle                         0x08021f25   Thumb Code     6  lv_task.o(.text)
    lv_task_get_next                         0x08021f2b   Thumb Code    24  lv_task.o(.text)
    _lv_txt_is_cmd                           0x08021f95   Thumb Code    66  lv_txt.o(.text)
    _lv_txt_get_width                        0x08021fd7   Thumb Code   148  lv_txt.o(.text)
    _lv_txt_get_next_line                    0x080221b1   Thumb Code   240  lv_txt.o(.text)
    _lv_txt_get_size                         0x080222a1   Thumb Code   240  lv_txt.o(.text)
    _lv_txt_ins                              0x08022391   Thumb Code    80  lv_txt.o(.text)
    _lv_txt_cut                              0x080223e1   Thumb Code    66  lv_txt.o(.text)
    _lv_txt_set_text_vfmt                    0x08022423   Thumb Code    92  lv_txt.o(.text)
    _lv_utils_num_to_str                     0x080227e5   Thumb Code   128  lv_utils.o(.text)
    _lv_utils_bsearch                        0x08022865   Thumb Code    84  lv_utils.o(.text)
    lv_theme_set_act                         0x080228b9   Thumb Code     6  lv_theme.o(.text)
    lv_theme_get_act                         0x080228bf   Thumb Code     6  lv_theme.o(.text)
    lv_theme_apply                           0x08022c55   Thumb Code    28  lv_theme.o(.text)
    lv_theme_copy                            0x08022c71   Thumb Code    64  lv_theme.o(.text)
    lv_theme_set_base                        0x08022cb1   Thumb Code     4  lv_theme.o(.text)
    lv_theme_set_apply_cb                    0x08022cb5   Thumb Code     4  lv_theme.o(.text)
    lv_theme_get_font_small                  0x08022cb9   Thumb Code     8  lv_theme.o(.text)
    lv_theme_get_font_normal                 0x08022cc1   Thumb Code     8  lv_theme.o(.text)
    lv_theme_get_font_subtitle               0x08022cc9   Thumb Code     8  lv_theme.o(.text)
    lv_theme_get_font_title                  0x08022cd1   Thumb Code     8  lv_theme.o(.text)
    lv_theme_get_color_primary               0x08022cd9   Thumb Code    18  lv_theme.o(.text)
    lv_theme_get_color_secondary             0x08022ceb   Thumb Code    18  lv_theme.o(.text)
    lv_theme_get_flags                       0x08022cfd   Thumb Code     8  lv_theme.o(.text)
    lv_theme_material_init                   0x08027e47   Thumb Code   236  lv_theme_material.o(.text)
    lv_arc_set_start_angle                   0x080288f9   Thumb Code   196  lv_arc.o(.text)
    lv_arc_set_end_angle                     0x080289bd   Thumb Code   202  lv_arc.o(.text)
    lv_arc_set_value                         0x08028b89   Thumb Code   112  lv_arc.o(.text)
    lv_arc_get_value                         0x08028f47   Thumb Code    46  lv_arc.o(.text)
    lv_arc_create                            0x08029353   Thumb Code   478  lv_arc.o(.text)
    lv_arc_set_angles                        0x08029531   Thumb Code   100  lv_arc.o(.text)
    lv_arc_set_bg_start_angle                0x08029595   Thumb Code   204  lv_arc.o(.text)
    lv_arc_set_bg_end_angle                  0x08029661   Thumb Code   210  lv_arc.o(.text)
    lv_arc_set_bg_angles                     0x08029733   Thumb Code   106  lv_arc.o(.text)
    lv_arc_set_rotation                      0x0802979d   Thumb Code    52  lv_arc.o(.text)
    lv_arc_set_type                          0x080297d1   Thumb Code   178  lv_arc.o(.text)
    lv_arc_set_range                         0x08029883   Thumb Code   100  lv_arc.o(.text)
    lv_arc_set_chg_rate                      0x080298e7   Thumb Code    46  lv_arc.o(.text)
    lv_arc_set_adjustable                    0x08029915   Thumb Code    84  lv_arc.o(.text)
    lv_arc_get_angle_start                   0x08029969   Thumb Code    44  lv_arc.o(.text)
    lv_arc_get_angle_end                     0x08029995   Thumb Code    44  lv_arc.o(.text)
    lv_arc_get_bg_angle_start                0x080299c1   Thumb Code    44  lv_arc.o(.text)
    lv_arc_get_bg_angle_end                  0x080299ed   Thumb Code    44  lv_arc.o(.text)
    lv_arc_get_min_value                     0x08029a19   Thumb Code    46  lv_arc.o(.text)
    lv_arc_get_max_value                     0x08029a47   Thumb Code    46  lv_arc.o(.text)
    lv_arc_is_dragged                        0x08029a75   Thumb Code    50  lv_arc.o(.text)
    lv_arc_get_type                          0x08029aa7   Thumb Code    50  lv_arc.o(.text)
    lv_arc_get_adjustable                    0x08029ad9   Thumb Code    50  lv_arc.o(.text)
    lv_bar_set_value                         0x08029c53   Thumb Code   144  lv_bar.o(.text)
    lv_bar_create                            0x0802a3bf   Thumb Code   320  lv_bar.o(.text)
    lv_bar_set_start_value                   0x0802a4ff   Thumb Code   146  lv_bar.o(.text)
    lv_bar_get_type                          0x0802a591   Thumb Code    50  lv_bar.o(.text)
    lv_bar_set_range                         0x0802a5c3   Thumb Code   176  lv_bar.o(.text)
    lv_bar_set_type                          0x0802a673   Thumb Code    70  lv_bar.o(.text)
    lv_bar_set_anim_time                     0x0802a6b9   Thumb Code    48  lv_bar.o(.text)
    lv_bar_get_value                         0x0802a6e9   Thumb Code    60  lv_bar.o(.text)
    lv_bar_get_start_value                   0x0802a725   Thumb Code    78  lv_bar.o(.text)
    lv_bar_get_min_value                     0x0802a773   Thumb Code    46  lv_bar.o(.text)
    lv_bar_get_max_value                     0x0802a7a1   Thumb Code    46  lv_bar.o(.text)
    lv_bar_get_anim_time                     0x0802a7cf   Thumb Code    46  lv_bar.o(.text)
    lv_btn_set_state                         0x0802a873   Thumb Code   150  lv_btn.o(.text)
    lv_btn_get_checkable                     0x0802a909   Thumb Code    46  lv_btn.o(.text)
    lv_btn_create                            0x0802aa33   Thumb Code   234  lv_btn.o(.text)
    lv_btn_set_checkable                     0x0802ab1d   Thumb Code    44  lv_btn.o(.text)
    lv_btn_toggle                            0x0802ab49   Thumb Code    64  lv_btn.o(.text)
    lv_btn_get_state                         0x0802ab89   Thumb Code    94  lv_btn.o(.text)
    lv_cont_get_layout                       0x0802b125   Thumb Code    46  lv_cont.o(.text)
    lv_cont_create                           0x0802b8ad   Thumb Code   284  lv_cont.o(.text)
    lv_cont_set_layout                       0x0802b9c9   Thumb Code    76  lv_cont.o(.text)
    lv_cont_set_fit4                         0x0802ba15   Thumb Code   146  lv_cont.o(.text)
    lv_cont_get_fit_left                     0x0802baa7   Thumb Code    48  lv_cont.o(.text)
    lv_cont_get_fit_right                    0x0802bad7   Thumb Code    46  lv_cont.o(.text)
    lv_cont_get_fit_top                      0x0802bb05   Thumb Code    48  lv_cont.o(.text)
    lv_cont_get_fit_bottom                   0x0802bb35   Thumb Code    48  lv_cont.o(.text)
    lv_img_get_auto_size                     0x0802bc2d   Thumb Code    46  lv_img.o(.text)
    lv_img_set_src                           0x0802bc5b   Thumb Code   468  lv_img.o(.text)
    lv_img_create                            0x0802c7b5   Thumb Code   362  lv_img.o(.text)
    lv_img_set_auto_size                     0x0802c91f   Thumb Code    52  lv_img.o(.text)
    lv_img_set_offset_x                      0x0802c953   Thumb Code    64  lv_img.o(.text)
    lv_img_set_offset_y                      0x0802c993   Thumb Code    64  lv_img.o(.text)
    lv_img_set_pivot                         0x0802c9d3   Thumb Code   284  lv_img.o(.text)
    lv_img_set_angle                         0x0802caef   Thumb Code   284  lv_img.o(.text)
    lv_img_set_zoom                          0x0802cc0b   Thumb Code   286  lv_img.o(.text)
    lv_img_set_antialias                     0x0802cd29   Thumb Code    38  lv_img.o(.text)
    lv_img_get_src                           0x0802cd4f   Thumb Code    44  lv_img.o(.text)
    lv_img_get_file_name                     0x0802cd7b   Thumb Code    60  lv_img.o(.text)
    lv_img_get_offset_x                      0x0802cdb7   Thumb Code    46  lv_img.o(.text)
    lv_img_get_offset_y                      0x0802cde5   Thumb Code    46  lv_img.o(.text)
    lv_img_get_pivot                         0x0802ce13   Thumb Code    50  lv_img.o(.text)
    lv_img_get_angle                         0x0802ce45   Thumb Code    44  lv_img.o(.text)
    lv_img_get_zoom                          0x0802ce71   Thumb Code    44  lv_img.o(.text)
    lv_img_get_antialias                     0x0802ce9d   Thumb Code    48  lv_img.o(.text)
    lv_label_get_text                        0x0802cfe9   Thumb Code    42  lv_label.o(.text)
    lv_label_get_align                       0x0802d013   Thumb Code    54  lv_label.o(.text)
    lv_label_get_letter_on                   0x0802d0a7   Thumb Code   616  lv_label.o(.text)
    lv_label_refr_text                       0x0802d33f   Thumb Code  1484  lv_label.o(.text)
    lv_label_set_text_static                 0x0802d90b   Thumb Code    86  lv_label.o(.text)
    lv_label_set_text                        0x0802d961   Thumb Code   252  lv_label.o(.text)
    lv_label_set_align                       0x0802da5d   Thumb Code    72  lv_label.o(.text)
    lv_label_get_recolor                     0x0802daa5   Thumb Code    48  lv_label.o(.text)
    lv_label_set_recolor                     0x0802dad5   Thumb Code    72  lv_label.o(.text)
    lv_label_get_long_mode                   0x0802db1d   Thumb Code    48  lv_label.o(.text)
    lv_label_set_long_mode                   0x0802dbdd   Thumb Code   156  lv_label.o(.text)
    lv_label_get_style                       0x0802dc79   Thumb Code    18  lv_label.o(.text)
    lv_label_get_text_sel_end                0x0802dd85   Thumb Code    38  lv_label.o(.text)
    lv_label_get_text_sel_start              0x0802ddab   Thumb Code    90  lv_label.o(.text)
    lv_label_create                          0x0802e07f   Thumb Code   490  lv_label.o(.text)
    lv_label_set_text_fmt                    0x0802e269   Thumb Code   150  lv_label.o(.text)
    lv_label_set_anim_speed                  0x0802e2ff   Thumb Code    82  lv_label.o(.text)
    lv_label_set_text_sel_start              0x0802e351   Thumb Code    36  lv_label.o(.text)
    lv_label_set_text_sel_end                0x0802e375   Thumb Code    36  lv_label.o(.text)
    lv_label_get_anim_speed                  0x0802e399   Thumb Code    44  lv_label.o(.text)
    lv_label_get_letter_pos                  0x0802e3c5   Thumb Code   572  lv_label.o(.text)
    lv_label_is_char_under_pos               0x0802e601   Thumb Code   550  lv_label.o(.text)
    lv_label_ins_text                        0x0802e827   Thumb Code   214  lv_label.o(.text)
    lv_label_cut_text                        0x0802e8fd   Thumb Code    90  lv_label.o(.text)
    lv_list_get_next_btn                     0x0802ea5f   Thumb Code    92  lv_list.o(.text)
    lv_list_get_btn_label                    0x0802eaf9   Thumb Code    78  lv_list.o(.text)
    lv_list_get_btn_text                     0x0802eb47   Thumb Code    52  lv_list.o(.text)
    lv_list_focus_btn                        0x0802eb7b   Thumb Code   110  lv_list.o(.text)
    lv_list_get_btn_selected                 0x0802ebe9   Thumb Code    42  lv_list.o(.text)
    lv_list_get_layout                       0x0802ed65   Thumb Code    46  lv_list.o(.text)
    lv_list_get_prev_btn                     0x0802ed93   Thumb Code    92  lv_list.o(.text)
    lv_list_add_btn                          0x0802edef   Thumb Code   550  lv_list.o(.text)
    lv_list_get_btn_img                      0x0802f053   Thumb Code    80  lv_list.o(.text)
    lv_list_create                           0x0802f40d   Thumb Code   282  lv_list.o(.text)
    lv_list_clean                            0x0802f527   Thumb Code    48  lv_list.o(.text)
    lv_list_remove                           0x0802f557   Thumb Code   116  lv_list.o(.text)
    lv_list_set_layout                       0x0802f5cb   Thumb Code   200  lv_list.o(.text)
    lv_list_get_btn_index                    0x0802f693   Thumb Code   124  lv_list.o(.text)
    lv_list_get_size                         0x0802f70f   Thumb Code    68  lv_list.o(.text)
    lv_list_up                               0x0802f753   Thumb Code   234  lv_list.o(.text)
    lv_list_down                             0x0802f83d   Thumb Code   176  lv_list.o(.text)
    lv_list_focus                            0x0802f8ed   Thumb Code    78  lv_list.o(.text)
    lv_page_get_scrollable                   0x0802fa07   Thumb Code    42  lv_page.o(.text)
    lv_page_set_scrollbar_mode               0x0802ff29   Thumb Code   178  lv_page.o(.text)
    lv_page_get_anim_time                    0x080302b7   Thumb Code    44  lv_page.o(.text)
    lv_page_scroll_hor                       0x080302e3   Thumb Code    96  lv_page.o(.text)
    lv_page_scroll_ver                       0x08030343   Thumb Code    96  lv_page.o(.text)
    lv_page_start_edge_flash                 0x08030881   Thumb Code   238  lv_page.o(.text)
    lv_page_on_edge                          0x08030adf   Thumb Code   178  lv_page.o(.text)
    lv_page_create                           0x08030fcf   Thumb Code   472  lv_page.o(.text)
    lv_page_clean                            0x080311a7   Thumb Code    46  lv_page.o(.text)
    lv_page_set_anim_time                    0x080311d5   Thumb Code    44  lv_page.o(.text)
    lv_page_set_scroll_propagation           0x08031201   Thumb Code    66  lv_page.o(.text)
    lv_page_set_edge_flash                   0x08031243   Thumb Code    54  lv_page.o(.text)
    lv_page_get_scrollbar_mode               0x08031279   Thumb Code    48  lv_page.o(.text)
    lv_page_get_scroll_propagation           0x080312a9   Thumb Code    48  lv_page.o(.text)
    lv_page_get_edge_flash                   0x080312d9   Thumb Code    48  lv_page.o(.text)
    lv_page_get_width_fit                    0x08031309   Thumb Code   104  lv_page.o(.text)
    lv_page_get_height_fit                   0x08031371   Thumb Code   148  lv_page.o(.text)
    lv_page_get_width_grid                   0x08031405   Thumb Code    58  lv_page.o(.text)
    lv_page_get_height_grid                  0x0803143f   Thumb Code    58  lv_page.o(.text)
    lv_page_glue_obj                         0x08031479   Thumb Code    24  lv_page.o(.text)
    lv_page_focus                            0x08031491   Thumb Code   588  lv_page.o(.text)
    lv_spinner_anim_cb                       0x080317b9   Thumb Code    88  lv_spinner.o(.text)
    lv_spinner_set_arc_length                0x08031811   Thumb Code    44  lv_spinner.o(.text)
    lv_spinner_set_type                      0x0803183d   Thumb Code   394  lv_spinner.o(.text)
    lv_spinner_create                        0x080319fb   Thumb Code   266  lv_spinner.o(.text)
    lv_spinner_set_spin_time                 0x08031b05   Thumb Code    58  lv_spinner.o(.text)
    lv_spinner_set_dir                       0x08031b3f   Thumb Code    66  lv_spinner.o(.text)
    lv_spinner_get_arc_length                0x08031b81   Thumb Code    44  lv_spinner.o(.text)
    lv_spinner_get_spin_time                 0x08031bad   Thumb Code    42  lv_spinner.o(.text)
    lv_spinner_get_type                      0x08031bd7   Thumb Code   114  lv_spinner.o(.text)
    lv_spinner_get_dir                       0x08031c49   Thumb Code    22  lv_spinner.o(.text)
    lv_port_disp_init                        0x08031cb1   Thumb Code    60  lv_port_disp.o(.text)
    lv_port_indev_init                       0x08031dc7   Thumb Code    78  lv_port_indev.o(.text)
    display_battery_status                   0x08032a51   Thumb Code   312  my_gui.o(.text)
    my_gui                                   0x08032b89   Thumb Code   156  my_gui.o(.text)
    my_gui_focus_door_icon                   0x08032c7f   Thumb Code    16  my_gui.o(.text)
    my_gui_back_home                         0x08032c91   Thumb Code   132  my_gui.o(.text)
    heart_rate_disp                          0x08032fab   Thumb Code    74  display_waves.o(.text)
    time_bar_disp                            0x08032ff5   Thumb Code    74  display_waves.o(.text)
    addText                                  0x08033089   Thumb Code    82  display_waves.o(.text)
    finich_ecg_recor                         0x080330db   Thumb Code   492  display_waves.o(.text)
    wave_record_bar                          0x080332c7   Thumb Code   388  display_waves.o(.text)
    ReWave_cb                                0x0803344b   Thumb Code   174  display_waves.o(.text)
    ReWave_task_etr                          0x080334f9   Thumb Code    24  display_waves.o(.text)
    LeadChecker                              0x080335df   Thumb Code    18  display_waves.o(.text)
    ecg_realtime_cb                          0x080335f1   Thumb Code   420  display_waves.o(.text)
    ecg_realtime_disp_task_etr               0x08033795   Thumb Code    22  display_waves.o(.text)
    Creat_MyWave                             0x080338cf   Thumb Code   244  display_waves.o(.text)
    lv_ex_arc_1                              0x080339c3   Thumb Code    84  display_waves.o(.text)
    __use_no_semihosting                     0x08033ad1   Thumb Code     2  use_no_semi_2.o(.text)
    __aeabi_uldivmod                         0x08033ad3   Thumb Code     0  lludivv7m.o(.text)
    _ll_udiv                                 0x08033ad3   Thumb Code   238  lludivv7m.o(.text)
    __2printf                                0x08033bc1   Thumb Code    20  noretval__2printf.o(.text)
    __2sprintf                               0x08033bd9   Thumb Code    34  noretval__2sprintf.o(.text)
    _printf_str                              0x08033c01   Thumb Code    82  _printf_str.o(.text)
    _printf_int_dec                          0x08033c55   Thumb Code   104  _printf_dec.o(.text)
    _printf_int_hex                          0x08033ccd   Thumb Code    84  _printf_hex_int.o(.text)
    _printf_longlong_hex                     0x08033ccd   Thumb Code     0  _printf_hex_int.o(.text)
    __printf                                 0x08033d25   Thumb Code   308  __printf_flags_wp.o(.text)
    memcmp                                   0x08033e5d   Thumb Code    88  memcmp.o(.text)
    strcpy                                   0x08033eb5   Thumb Code    72  strcpy.o(.text)
    strlen                                   0x08033efd   Thumb Code    62  strlen.o(.text)
    __aeabi_memcpy4                          0x08033f3b   Thumb Code     0  rt_memcpy_w.o(.text)
    __aeabi_memcpy8                          0x08033f3b   Thumb Code     0  rt_memcpy_w.o(.text)
    __rt_memcpy_w                            0x08033f3b   Thumb Code   100  rt_memcpy_w.o(.text)
    _memcpy_lastbytes_aligned                0x08033f83   Thumb Code     0  rt_memcpy_w.o(.text)
    strcmp                                   0x08033fa1   Thumb Code   128  strcmpv7m.o(.text)
    __use_two_region_memory                  0x08034021   Thumb Code     2  heapauxi.o(.text)
    __rt_heap_escrow                         0x08034023   Thumb Code     2  heapauxi.o(.text)
    __rt_heap_expand                         0x08034025   Thumb Code     2  heapauxi.o(.text)
    __I$use$semihosting                      0x08034027   Thumb Code     0  use_no_semi.o(.text)
    __use_no_semihosting_swi                 0x08034027   Thumb Code     2  use_no_semi.o(.text)
    __read_errno                             0x08034029   Thumb Code    10  _rserrno.o(.text)
    __set_errno                              0x08034033   Thumb Code    12  _rserrno.o(.text)
    _printf_int_common                       0x0803403f   Thumb Code   178  _printf_intcommon.o(.text)
    _printf_char_common                      0x080340fb   Thumb Code    32  _printf_char_common.o(.text)
    _sputc                                   0x08034121   Thumb Code    10  _sputc.o(.text)
    _printf_cs_common                        0x0803412b   Thumb Code    20  _printf_char.o(.text)
    _printf_char                             0x0803413f   Thumb Code    16  _printf_char.o(.text)
    _printf_string                           0x0803414f   Thumb Code     8  _printf_char.o(.text)
    _printf_char_file                        0x08034159   Thumb Code    32  _printf_char_file.o(.text)
    __user_libspace                          0x0803417d   Thumb Code     8  libspace.o(.text)
    __user_perproc_libspace                  0x0803417d   Thumb Code     0  libspace.o(.text)
    __user_perthread_libspace                0x0803417d   Thumb Code     0  libspace.o(.text)
    __aeabi_errno_addr                       0x08034185   Thumb Code     8  rt_errno_addr_intlibspace.o(.text)
    __errno$intlibspace                      0x08034185   Thumb Code     0  rt_errno_addr_intlibspace.o(.text)
    __rt_errno_addr$intlibspace              0x08034185   Thumb Code     0  rt_errno_addr_intlibspace.o(.text)
    ferror                                   0x0803418d   Thumb Code     8  ferror.o(.text)
    __user_setup_stackheap                   0x08034195   Thumb Code    74  sys_stackheap_outer.o(.text)
    exit                                     0x080341df   Thumb Code    12  exit.o(.text)
    _is_digit                                0x080341eb   Thumb Code    14  __printf_wp.o(i._is_digit)
    sqrt                                     0x080341f9   Thumb Code    76  sqrt.o(i.sqrt)
    __aeabi_d2f                              0x08034245   Thumb Code     0  d2f.o(x$fpl$d2f)
    _d2f                                     0x08034245   Thumb Code    98  d2f.o(x$fpl$d2f)
    __aeabi_dadd                             0x080342a9   Thumb Code     0  daddsub_clz.o(x$fpl$dadd)
    _dadd                                    0x080342a9   Thumb Code   332  daddsub_clz.o(x$fpl$dadd)
    __fpl_dcmp_Inf                           0x080343f9   Thumb Code    24  dcmpi.o(x$fpl$dcmpinf)
    __aeabi_d2iz                             0x08034411   Thumb Code     0  dfix.o(x$fpl$dfix)
    _dfix                                    0x08034411   Thumb Code    94  dfix.o(x$fpl$dfix)
    __aeabi_d2uiz                            0x08034471   Thumb Code     0  dfixu.o(x$fpl$dfixu)
    _dfixu                                   0x08034471   Thumb Code    90  dfixu.o(x$fpl$dfixu)
    __aeabi_i2d                              0x080344cb   Thumb Code     0  dflt_clz.o(x$fpl$dflt)
    _dflt                                    0x080344cb   Thumb Code    46  dflt_clz.o(x$fpl$dflt)
    __aeabi_ui2d                             0x080344f9   Thumb Code     0  dflt_clz.o(x$fpl$dfltu)
    _dfltu                                   0x080344f9   Thumb Code    38  dflt_clz.o(x$fpl$dfltu)
    __aeabi_cdcmple                          0x08034521   Thumb Code     0  dleqf.o(x$fpl$dleqf)
    _dcmple                                  0x08034521   Thumb Code   120  dleqf.o(x$fpl$dleqf)
    __fpl_dcmple_InfNaN                      0x08034583   Thumb Code     0  dleqf.o(x$fpl$dleqf)
    __aeabi_dmul                             0x08034599   Thumb Code     0  dmul.o(x$fpl$dmul)
    _dmul                                    0x08034599   Thumb Code   332  dmul.o(x$fpl$dmul)
    __fpl_dnaninf                            0x080346ed   Thumb Code   156  dnaninf.o(x$fpl$dnaninf)
    __fpl_dretinf                            0x08034789   Thumb Code    12  dretinf.o(x$fpl$dretinf)
    __aeabi_cdrcmple                         0x08034795   Thumb Code     0  drleqf.o(x$fpl$drleqf)
    _drcmple                                 0x08034795   Thumb Code   108  drleqf.o(x$fpl$drleqf)
    __aeabi_drsub                            0x08034801   Thumb Code     0  daddsub_clz.o(x$fpl$drsb)
    _drsb                                    0x08034801   Thumb Code    22  daddsub_clz.o(x$fpl$drsb)
    _dsqrt                                   0x08034819   Thumb Code   456  dsqrt_noumaal.o(x$fpl$dsqrt)
    __aeabi_dsub                             0x080349e5   Thumb Code     0  daddsub_clz.o(x$fpl$dsub)
    _dsub                                    0x080349e5   Thumb Code   464  daddsub_clz.o(x$fpl$dsub)
    __aeabi_f2d                              0x08034bb9   Thumb Code     0  f2d.o(x$fpl$f2d)
    _f2d                                     0x08034bb9   Thumb Code    86  f2d.o(x$fpl$f2d)
    __aeabi_fadd                             0x08034c11   Thumb Code     0  faddsub_clz.o(x$fpl$fadd)
    _fadd                                    0x08034c11   Thumb Code   196  faddsub_clz.o(x$fpl$fadd)
    __aeabi_fdiv                             0x08034cd5   Thumb Code     0  fdiv.o(x$fpl$fdiv)
    _fdiv                                    0x08034cd5   Thumb Code   384  fdiv.o(x$fpl$fdiv)
    __aeabi_f2iz                             0x08034e59   Thumb Code     0  ffix.o(x$fpl$ffix)
    _ffix                                    0x08034e59   Thumb Code    54  ffix.o(x$fpl$ffix)
    __aeabi_f2uiz                            0x08034e91   Thumb Code     0  ffixu.o(x$fpl$ffixu)
    _ffixu                                   0x08034e91   Thumb Code    62  ffixu.o(x$fpl$ffixu)
    __aeabi_i2f                              0x08034ed1   Thumb Code     0  fflt_clz.o(x$fpl$fflt)
    _fflt                                    0x08034ed1   Thumb Code    48  fflt_clz.o(x$fpl$fflt)
    __aeabi_ui2f                             0x08034f01   Thumb Code     0  fflt_clz.o(x$fpl$ffltu)
    _ffltu                                   0x08034f01   Thumb Code    38  fflt_clz.o(x$fpl$ffltu)
    __aeabi_fmul                             0x08034f29   Thumb Code     0  fmul.o(x$fpl$fmul)
    _fmul                                    0x08034f29   Thumb Code   258  fmul.o(x$fpl$fmul)
    __fpl_fnaninf                            0x0803502b   Thumb Code   140  fnaninf.o(x$fpl$fnaninf)
    __fpl_fretinf                            0x080350b7   Thumb Code    10  fretinf.o(x$fpl$fretinf)
    __aeabi_fsub                             0x080350c1   Thumb Code     0  faddsub_clz.o(x$fpl$fsub)
    _fsub                                    0x080350c1   Thumb Code   234  faddsub_clz.o(x$fpl$fsub)
    __I$use$fp                               0x080351aa   Number         0  usenofp.o(x$fpl$usenofp)
    asc2_1206                                0x080351aa   Data        1140  lcd.o(.constdata)
    asc2_1608                                0x0803561e   Data        1520  lcd.o(.constdata)
    asc2_2412                                0x08035c0e   Data        3420  lcd.o(.constdata)
    TP_REMIND_MSG_TBL                        0x0803696c   Data           4  touch.o(.constdata)
    OTT_TPX_TBL                              0x08036970   Data          10  ott2001a.o(.constdata)
    FT5206_TPX_TBL                           0x0803697a   Data          10  ft5206.o(.constdata)
    GT9147_CFG_TBL                           0x08036984   Data         184  gt9147.o(.constdata)
    GT9147_TPX_TBL                           0x08036a3c   Data          10  gt9147.o(.constdata)
    IIR_50Notch_B                            0x08036a48   Data          12  ecg_resp_pross.o(.constdata)
    IIR_50Notch_A                            0x08036a54   Data          12  ecg_resp_pross.o(.constdata)
    Gain                                     0x08036a60   Data           4  ecg_resp_pross.o(.constdata)
    IIR_High_B                               0x08036a64   Data          12  ecg_resp_pross.o(.constdata)
    IIR_High_A                               0x08036a70   Data          12  ecg_resp_pross.o(.constdata)
    IIR_LOW_B                                0x08036a7c   Data          12  ecg_resp_pross.o(.constdata)
    IIR_LOW_A                                0x08036a88   Data          12  ecg_resp_pross.o(.constdata)
    _lv_bpp1_opa_table                       0x08036aa4   Data           2  lv_draw_label.o(.constdata)
    _lv_bpp2_opa_table                       0x08036aa6   Data           4  lv_draw_label.o(.constdata)
    _lv_bpp3_opa_table                       0x08036aaa   Data           8  lv_draw_label.o(.constdata)
    _lv_bpp4_opa_table                       0x08036ab2   Data          16  lv_draw_label.o(.constdata)
    _lv_bpp8_opa_table                       0x08036ac2   Data         256  lv_draw_label.o(.constdata)
    lv_anim_path_def                         0x08045b74   Data           8  lv_anim.o(.constdata)
    battery_full_icon_map                    0x08045cd4   Data         864  battery_full_icon.o(.constdata)
    battery_full_icon                        0x08046034   Data          12  battery_full_icon.o(.constdata)
    battery_empty_icon_map                   0x08046040   Data         900  battery_empty_icon.o(.constdata)
    battery_empty_icon                       0x080463c4   Data          12  battery_empty_icon.o(.constdata)
    battery_level1_icon_map                  0x080463d0   Data         864  battery_level1_icon.o(.constdata)
    battery_level1_icon                      0x08046730   Data          12  battery_level1_icon.o(.constdata)
    battery_level2_icon_map                  0x0804673c   Data         864  battery_level2_icon.o(.constdata)
    battery_level2_icon                      0x08046a9c   Data          12  battery_level2_icon.o(.constdata)
    battery_level3_icon_map                  0x08046aa8   Data         864  battery_level3_icon.o(.constdata)
    battery_level3_icon                      0x08046e08   Data          12  battery_level3_icon.o(.constdata)
    battery_level4_icon_map                  0x08046e14   Data         864  battery_level4_icon.o(.constdata)
    battery_level4_icon                      0x08047174   Data          12  battery_level4_icon.o(.constdata)
    data_review_icon_map                     0x08047180   Data        7500  data_review_icon.o(.constdata)
    data_review_icon                         0x08048ecc   Data          12  data_review_icon.o(.constdata)
    ecg_recorder_icon_map                    0x08048ed8   Data        6912  ecg_recorder_icon.o(.constdata)
    ecg_recorder_icon                        0x0804a9d8   Data          12  ecg_recorder_icon.o(.constdata)
    pulse_oximeter_icon_map                  0x0804a9e4   Data        5472  pulse_oximeter_icon.o(.constdata)
    pulse_oximeter_icon                      0x0804bf44   Data          12  pulse_oximeter_icon.o(.constdata)
    settings_icon_map                        0x0804bf50   Data        6912  settings_icon.o(.constdata)
    settings_icon                            0x0804da50   Data          12  settings_icon.o(.constdata)
    red_heart_map                            0x0804da5c   Data        1728  red_heart.o(.constdata)
    red_heart                                0x0804e11c   Data          12  red_heart.o(.constdata)
    back_icon_map                            0x0804e128   Data        3366  back_icon.o(.constdata)
    back_icon                                0x0804ee50   Data          12  back_icon.o(.constdata)
    play_icon_map                            0x0804ee5c   Data        2610  play_icon.o(.constdata)
    play_icon                                0x0804f890   Data          12  play_icon.o(.constdata)
    exclamation_icon_map                     0x0804f89c   Data        1386  exclamation_icon.o(.constdata)
    exclamation_icon                         0x0804fe08   Data          12  exclamation_icon.o(.constdata)
    about_set_map                            0x0804fe14   Data        2790  about_set.o(.constdata)
    about_set                                0x080508fc   Data          12  about_set.o(.constdata)
    bluethoot_set_map                        0x08050908   Data        3468  bluethoot_set.o(.constdata)
    bluethoot_set                            0x08051694   Data          12  bluethoot_set.o(.constdata)
    brightness_set_map                       0x080516a0   Data        2883  brightness_set.o(.constdata)
    brightness_set                           0x080521e4   Data          12  brightness_set.o(.constdata)
    datetime_set_map                         0x080521f0   Data        3468  datetime_set.o(.constdata)
    datetime_set                             0x08052f7c   Data          12  datetime_set.o(.constdata)
    ecglenght_set_map                        0x08052f88   Data        2883  ecglenght_set.o(.constdata)
    ecglenght_set                            0x08053acc   Data          12  ecglenght_set.o(.constdata)
    erase_set_map                            0x08053ad8   Data        2883  erase_set.o(.constdata)
    erase_set                                0x0805461c   Data          12  erase_set.o(.constdata)
    factoryreset_set_map                     0x08054628   Data        2883  factoryreset_set.o(.constdata)
    factoryreset_set                         0x0805516c   Data          12  factoryreset_set.o(.constdata)
    softwareupdate_set_map                   0x08055178   Data        2883  softwareupdate_set.o(.constdata)
    softwareupdate_set                       0x08055cbc   Data          12  softwareupdate_set.o(.constdata)
    topc_set_map                             0x08055cc8   Data        3675  topc_set.o(.constdata)
    topc_set                                 0x08056b24   Data          12  topc_set.o(.constdata)
    voice_set_map                            0x08056b30   Data        3072  voice_set.o(.constdata)
    voice_set                                0x08057730   Data          12  voice_set.o(.constdata)
    Region$$Table$$Base                      0x08057848   Number         0  anon$$obj.o(Region$$Table)
    Region$$Table$$Limit                     0x08057868   Number         0  anon$$obj.o(Region$$Table)
    key                                      0x20000000   Data           1  main.o(.data)
    SystemCoreClock                          0x20000004   Data           4  system_stm32f10x.o(.data)
    AHBPrescTable                            0x20000008   Data          16  system_stm32f10x.o(.data)
    POINT_COLOR                              0x2000001a   Data           2  lcd.o(.data)
    BACK_COLOR                               0x2000001c   Data           2  lcd.o(.data)
    tp_dev                                   0x20000020   Data          52  touch.o(.data)
    CMD_RDX                                  0x20000054   Data           1  touch.o(.data)
    CMD_RDY                                  0x20000055   Data           1  touch.o(.data)
    Ads1292_Config1                          0x2000005c   Data           1  ads1292.o(.data)
    Ads1292_Config2                          0x2000005d   Data           5  ads1292.o(.data)
    Ads1292_Ch1set                           0x20000062   Data           3  ads1292.o(.data)
    Ads1292_Ch2set                           0x20000065   Data           3  ads1292.o(.data)
    Ads1292_Rld_Sens                         0x20000068   Data           6  ads1292.o(.data)
    Ads1292_Loff_Sens                        0x2000006e   Data           6  ads1292.o(.data)
    Ads1292_Resp1                            0x20000074   Data           4  ads1292.o(.data)
    Ads1292_Resp2                            0x20000078   Data           3  ads1292.o(.data)
    ads1292_recive_flag                      0x2000007b   Data           1  ads1292.o(.data)
    point_                                   0x2000007c   Data           4  ads1292.o(.data)
    QRS_Heart_Rate1                          0x20000080   Data           1  ads1292.o(.data)
    Start_Sample_Count_Flag                  0x20000088   Data           1  ecg_resp_pross.o(.data)
    first_peak_detect                        0x20000089   Data           1  ecg_resp_pross.o(.data)
    sample_count                             0x2000008c   Data           4  ecg_resp_pross.o(.data)
    QRS_Second_Prev_Sample                   0x20000090   Data           4  ecg_resp_pross.o(.data)
    QRS_Prev_Sample                          0x20000094   Data           4  ecg_resp_pross.o(.data)
    QRS_Current_Sample                       0x20000098   Data           4  ecg_resp_pross.o(.data)
    QRS_Next_Sample                          0x2000009c   Data           4  ecg_resp_pross.o(.data)
    QRS_Second_Next_Sample                   0x200000a0   Data           4  ecg_resp_pross.o(.data)
    RESP_Second_Prev_Sample                  0x200000a4   Data           4  ecg_resp_pross.o(.data)
    RESP_Prev_Sample                         0x200000a8   Data           4  ecg_resp_pross.o(.data)
    RESP_Current_Sample                      0x200000ac   Data           4  ecg_resp_pross.o(.data)
    RESP_Next_Sample                         0x200000b0   Data           4  ecg_resp_pross.o(.data)
    RESP_Second_Next_Sample                  0x200000b4   Data           4  ecg_resp_pross.o(.data)
    Respiration_Rate                         0x200000b8   Data           1  ecg_resp_pross.o(.data)
    QRS_Heart_Rate                           0x200000ba   Data           2  ecg_resp_pross.o(.data)
    Pvev_DC_Sample                           0x200000be   Data           2  ecg_resp_pross.o(.data)
    Pvev_Sample                              0x200000c0   Data           2  ecg_resp_pross.o(.data)
    QRS_Threshold_Old                        0x200000c2   Data           2  ecg_resp_pross.o(.data)
    QRS_Threshold_New                        0x200000c4   Data           2  ecg_resp_pross.o(.data)
    y0                                       0x200000c8   Data           8  ecg_resp_pross.o(.data)
    y1                                       0x200000d0   Data           8  ecg_resp_pross.o(.data)
    y2                                       0x200000d8   Data           8  ecg_resp_pross.o(.data)
    CoeffBuf_40Hz_LowPass                    0x200000e0   Data         322  ecg_resp_pross.o(.data)
    RespCoeffBuf                             0x20000222   Data         322  ecg_resp_pross.o(.data)
    __stdout                                 0x200003b8   Data           4  usart.o(.data)
    USART_RX_STA                             0x200003bc   Data           2  usart.o(.data)
    lv_font_montserrat_12                    0x20000424   Data          24  lv_font_montserrat_12.o(.data)
    lv_font_montserrat_14                    0x20000458   Data          24  lv_font_montserrat_14.o(.data)
    lv_font_montserrat_16                    0x2000048c   Data          24  lv_font_montserrat_16.o(.data)
    lv_font_montserrat_20                    0x200004c0   Data          24  lv_font_montserrat_20.o(.data)
    _lv_img_cache_array                      0x200004f0   Data           4  lv_gc.o(.data)
    _lv_task_act                             0x200004f4   Data           4  lv_gc.o(.data)
    _lv_theme_material_styles                0x200004f8   Data           4  lv_gc.o(.data)
    _lv_theme_template_styles                0x200004fc   Data           4  lv_gc.o(.data)
    _lv_theme_mono_styles                    0x20000500   Data           4  lv_gc.o(.data)
    _lv_theme_empty_styles                   0x20000504   Data           4  lv_gc.o(.data)
    _lv_font_decompr_buf                     0x20000508   Data           4  lv_gc.o(.data)
    _lv_txt_encoded_size                     0x2000053c   Data           4  lv_txt.o(.data)
    _lv_txt_unicode_to_encoded               0x20000540   Data           4  lv_txt.o(.data)
    _lv_txt_encoded_conv_wc                  0x20000544   Data           4  lv_txt.o(.data)
    _lv_txt_encoded_next                     0x20000548   Data           4  lv_txt.o(.data)
    _lv_txt_encoded_prev                     0x2000054c   Data           4  lv_txt.o(.data)
    _lv_txt_encoded_get_byte_id              0x20000550   Data           4  lv_txt.o(.data)
    _lv_txt_encoded_get_char_id              0x20000554   Data           4  lv_txt.o(.data)
    _lv_txt_get_encoded_length               0x20000558   Data           4  lv_txt.o(.data)
    indev_touchpad                           0x200005b0   Data           4  lv_port_indev.o(.data)
    indev_mouse                              0x200005b4   Data           4  lv_port_indev.o(.data)
    indev_keypad                             0x200005b8   Data           4  lv_port_indev.o(.data)
    indev_encoder                            0x200005bc   Data           4  lv_port_indev.o(.data)
    indev_button                             0x200005c0   Data           4  lv_port_indev.o(.data)
    my_styles_1                              0x20000614   Data           4  my_gui.o(.data)
    my_task_1                                0x20000618   Data           4  my_gui.o(.data)
    my_labels                                0x20000628   Data           8  display_waves.o(.data)
    my_tasks                                 0x20000630   Data           8  display_waves.o(.data)
    start_wave                               0x2000063a   Data           1  display_waves.o(.data)
    second                                   0x2000063c   Data           2  display_waves.o(.data)
    stat_bar                                 0x2000063e   Data           1  display_waves.o(.data)
    step                                     0x2000063f   Data           1  display_waves.o(.data)
    aveg_heartRate                           0x20000640   Data           2  display_waves.o(.data)
    recording_time                           0x20000642   Data           2  display_waves.o(.data)
    lcddev                                   0x20000644   Data          14  lcd.o(.bss)
    ADS1292_REG                              0x20000652   Data          12  ads1292.o(.bss)
    ads1292_Cache                            0x2000065e   Data           9  ads1292.o(.bss)
    sample_index                             0x20000668   Data          28  ecg_resp_pross.o(.bss)
    RESP_WorkingBuff                         0x20000684   Data         644  ecg_resp_pross.o(.bss)
    ECG_WorkingBuff                          0x20000908   Data         644  ecg_resp_pross.o(.bss)
    w1                                       0x20000b90   Data          24  ecg_resp_pross.o(.bss)
    w2                                       0x20000ba8   Data          24  ecg_resp_pross.o(.bss)
    w0                                       0x20000bc0   Data          24  ecg_resp_pross.o(.bss)
    w                                        0x20000bd8   Data          16  ecg_resp_pross.o(.bss)
    USART_RX_BUF                             0x20000cb8   Data         200  usart.o(.bss)
    _lv_task_ll                              0x20000e80   Data          12  lv_gc.o(.bss)
    _lv_disp_ll                              0x20000e8c   Data          12  lv_gc.o(.bss)
    _lv_indev_ll                             0x20000e98   Data          12  lv_gc.o(.bss)
    _lv_drv_ll                               0x20000ea4   Data          12  lv_gc.o(.bss)
    _lv_file_ll                              0x20000eb0   Data          12  lv_gc.o(.bss)
    _lv_anim_ll                              0x20000ebc   Data          12  lv_gc.o(.bss)
    _lv_group_ll                             0x20000ec8   Data          12  lv_gc.o(.bss)
    _lv_img_defoder_ll                       0x20000ed4   Data          12  lv_gc.o(.bss)
    _lv_obj_style_trans_ll                   0x20000ee0   Data          12  lv_gc.o(.bss)
    _lv_mem_buf                              0x20000eec   Data         128  lv_gc.o(.bss)
    _lv_draw_mask_list                       0x20000f6c   Data         128  lv_gc.o(.bss)
    home_icon                                0x2000a958   Data          16  my_gui.o(.bss)
    my_objs_1                                0x2000a968   Data          32  my_gui.o(.bss)
    my_labels_1                              0x2000a988   Data          36  my_gui.o(.bss)
    my_styles                                0x2000a9b0   Data          32  display_waves.o(.bss)
    my_objs                                  0x2000a9d0   Data          36  display_waves.o(.bss)
    my_ecg_ppg_dat_dsp                       0x2000a9f8   Data          72  display_waves.o(.bss)
    w0_                                      0x2000aa40   Data          12  display_waves.o(.bss)
    w1_                                      0x2000aa4c   Data          12  display_waves.o(.bss)
    w2_                                      0x2000aa58   Data          12  display_waves.o(.bss)
    __libspace_start                         0x2000aa64   Data          96  libspace.o(.bss)
    __temporary_stack_top$libspace           0x2000aac4   Data           0  libspace.o(.bss)



==============================================================================

Memory Map of the image

  Image Entry point : 0x08000131

  Load Region LR_IROM1 (Base: 0x08000000, Size: 0x00057eac, Max: 0x00080000, ABSOLUTE, COMPRESSED[0x00057bb4])

    Execution Region ER_IROM1 (Base: 0x08000000, Size: 0x00057868, Max: 0x00080000, ABSOLUTE)

    Base Addr    Size         Type   Attr      Idx    E Section Name        Object

    0x08000000   0x00000130   Data   RO         1069    RESET               startup_stm32f10x_hd.o
    0x08000130   0x00000008   Code   RO         7522  * !!!main             c_w.l(__main.o)
    0x08000138   0x00000034   Code   RO         7839    !!!scatter          c_w.l(__scatter.o)
    0x0800016c   0x0000005a   Code   RO         7837    !!dczerorl2         c_w.l(__dczerorl2.o)
    0x080001c6   0x00000002   PAD
    0x080001c8   0x0000001c   Code   RO         7841    !!handler_zi        c_w.l(__scatter_zi.o)
    0x080001e4   0x00000000   Code   RO         7499    .ARM.Collect$$_printf_percent$$00000000  c_w.l(_printf_percent.o)
    0x080001e4   0x00000006   Code   RO         7498    .ARM.Collect$$_printf_percent$$00000009  c_w.l(_printf_d.o)
    0x080001ea   0x00000006   Code   RO         7497    .ARM.Collect$$_printf_percent$$0000000C  c_w.l(_printf_x.o)
    0x080001f0   0x00000006   Code   RO         7496    .ARM.Collect$$_printf_percent$$00000014  c_w.l(_printf_s.o)
    0x080001f6   0x00000004   Code   RO         7640    .ARM.Collect$$_printf_percent$$00000017  c_w.l(_printf_percent_end.o)
    0x080001fa   0x00000002   Code   RO         7779    .ARM.Collect$$libinit$$00000000  c_w.l(libinit.o)
    0x080001fc   0x00000000   Code   RO         7644    .ARM.Collect$$libinit$$00000002  c_w.l(libinit2.o)
    0x080001fc   0x00000000   Code   RO         7646    .ARM.Collect$$libinit$$00000004  c_w.l(libinit2.o)
    0x080001fc   0x00000000   Code   RO         7649    .ARM.Collect$$libinit$$0000000A  c_w.l(libinit2.o)
    0x080001fc   0x00000000   Code   RO         7651    .ARM.Collect$$libinit$$0000000C  c_w.l(libinit2.o)
    0x080001fc   0x00000000   Code   RO         7653    .ARM.Collect$$libinit$$0000000E  c_w.l(libinit2.o)
    0x080001fc   0x00000000   Code   RO         7656    .ARM.Collect$$libinit$$00000011  c_w.l(libinit2.o)
    0x080001fc   0x00000000   Code   RO         7658    .ARM.Collect$$libinit$$00000013  c_w.l(libinit2.o)
    0x080001fc   0x00000000   Code   RO         7660    .ARM.Collect$$libinit$$00000015  c_w.l(libinit2.o)
    0x080001fc   0x00000000   Code   RO         7662    .ARM.Collect$$libinit$$00000017  c_w.l(libinit2.o)
    0x080001fc   0x00000000   Code   RO         7664    .ARM.Collect$$libinit$$00000019  c_w.l(libinit2.o)
    0x080001fc   0x00000000   Code   RO         7666    .ARM.Collect$$libinit$$0000001B  c_w.l(libinit2.o)
    0x080001fc   0x00000000   Code   RO         7668    .ARM.Collect$$libinit$$0000001D  c_w.l(libinit2.o)
    0x080001fc   0x00000000   Code   RO         7670    .ARM.Collect$$libinit$$0000001F  c_w.l(libinit2.o)
    0x080001fc   0x00000000   Code   RO         7672    .ARM.Collect$$libinit$$00000021  c_w.l(libinit2.o)
    0x080001fc   0x00000000   Code   RO         7674    .ARM.Collect$$libinit$$00000023  c_w.l(libinit2.o)
    0x080001fc   0x00000000   Code   RO         7676    .ARM.Collect$$libinit$$00000025  c_w.l(libinit2.o)
    0x080001fc   0x00000000   Code   RO         7680    .ARM.Collect$$libinit$$0000002C  c_w.l(libinit2.o)
    0x080001fc   0x00000000   Code   RO         7682    .ARM.Collect$$libinit$$0000002E  c_w.l(libinit2.o)
    0x080001fc   0x00000000   Code   RO         7684    .ARM.Collect$$libinit$$00000030  c_w.l(libinit2.o)
    0x080001fc   0x00000000   Code   RO         7686    .ARM.Collect$$libinit$$00000032  c_w.l(libinit2.o)
    0x080001fc   0x00000002   Code   RO         7687    .ARM.Collect$$libinit$$00000033  c_w.l(libinit2.o)
    0x080001fe   0x00000002   Code   RO         7834    .ARM.Collect$$libshutdown$$00000000  c_w.l(libshutdown.o)
    0x08000200   0x00000000   Code   RO         7794    .ARM.Collect$$libshutdown$$00000003  c_w.l(libshutdown2.o)
    0x08000200   0x00000000   Code   RO         7797    .ARM.Collect$$libshutdown$$00000006  c_w.l(libshutdown2.o)
    0x08000200   0x00000000   Code   RO         7800    .ARM.Collect$$libshutdown$$00000009  c_w.l(libshutdown2.o)
    0x08000200   0x00000000   Code   RO         7802    .ARM.Collect$$libshutdown$$0000000B  c_w.l(libshutdown2.o)
    0x08000200   0x00000000   Code   RO         7805    .ARM.Collect$$libshutdown$$0000000E  c_w.l(libshutdown2.o)
    0x08000200   0x00000002   Code   RO         7806    .ARM.Collect$$libshutdown$$0000000F  c_w.l(libshutdown2.o)
    0x08000202   0x00000000   Code   RO         7592    .ARM.Collect$$rtentry$$00000000  c_w.l(__rtentry.o)
    0x08000202   0x00000000   Code   RO         7707    .ARM.Collect$$rtentry$$00000002  c_w.l(__rtentry2.o)
    0x08000202   0x00000006   Code   RO         7719    .ARM.Collect$$rtentry$$00000004  c_w.l(__rtentry4.o)
    0x08000208   0x00000000   Code   RO         7709    .ARM.Collect$$rtentry$$00000009  c_w.l(__rtentry2.o)
    0x08000208   0x00000004   Code   RO         7710    .ARM.Collect$$rtentry$$0000000A  c_w.l(__rtentry2.o)
    0x0800020c   0x00000000   Code   RO         7712    .ARM.Collect$$rtentry$$0000000C  c_w.l(__rtentry2.o)
    0x0800020c   0x00000008   Code   RO         7713    .ARM.Collect$$rtentry$$0000000D  c_w.l(__rtentry2.o)
    0x08000214   0x00000002   Code   RO         7780    .ARM.Collect$$rtexit$$00000000  c_w.l(rtexit.o)
    0x08000216   0x00000000   Code   RO         7810    .ARM.Collect$$rtexit$$00000002  c_w.l(rtexit2.o)
    0x08000216   0x00000004   Code   RO         7811    .ARM.Collect$$rtexit$$00000003  c_w.l(rtexit2.o)
    0x0800021a   0x00000006   Code   RO         7812    .ARM.Collect$$rtexit$$00000004  c_w.l(rtexit2.o)
    0x08000220   0x000000a0   Code   RO            1    .text               main.o
    0x080002c0   0x0000001a   Code   RO          441    .text               stm32f10x_it.o
    0x080002da   0x00000002   PAD
    0x080002dc   0x000001e0   Code   RO          482    .text               system_stm32f10x.o
    0x080004bc   0x0000004c   Code   RO          500    .text               led.o
    0x08000508   0x000000d8   Code   RO          512    .text               key.o
    0x080005e0   0x00004a56   Code   RO          525    .text               lcd.o
    0x08005036   0x00000002   PAD
    0x08005038   0x0000026c   Code   RO          552    .text               myiic.o
    0x080052a4   0x0000017a   Code   RO          564    .text               24cxx.o
    0x0800541e   0x00000002   PAD
    0x08005420   0x000001e4   Code   RO          576    .text               spi.o
    0x08005604   0x00000fb4   Code   RO          614    .text               touch.o
    0x080065b8   0x00000284   Code   RO          859    .text               ctiic.o
    0x0800683c   0x0000036c   Code   RO          874    .text               ott2001a.o
    0x08006ba8   0x00000338   Code   RO          894    .text               ft5206.o
    0x08006ee0   0x00000458   Code   RO          910    .text               gt9147.o
    0x08007338   0x00000090   Code   RO          926    .text               timer.o
    0x080073c8   0x00000674   Code   RO          938    .text               ads1292.o
    0x08007a3c   0x00000028   Code   RO          961    .text               exti.o
    0x08007a64   0x00000d80   Code   RO          983    .text               ecg_resp_pross.o
    0x080087e4   0x000000cc   Code   RO         1003    .text               delay.o
    0x080088b0   0x00000140   Code   RO         1034    .text               usart.o
    0x080089f0   0x0000003c   Code   RO         1070    .text               startup_stm32f10x_hd.o
    0x08008a2c   0x000000dc   Code   RO         1074    .text               misc.o
    0x08008b08   0x0000060c   Code   RO         1086    .text               stm32f10x_fsmc.o
    0x08009114   0x0000035c   Code   RO         1098    .text               stm32f10x_gpio.o
    0x08009470   0x000003a4   Code   RO         1110    .text               stm32f10x_rcc.o
    0x08009814   0x0000030c   Code   RO         1124    .text               stm32f10x_spi.o
    0x08009b20   0x00000408   Code   RO         1136    .text               stm32f10x_usart.o
    0x08009f28   0x00000e1a   Code   RO         1148    .text               stm32f10x_tim.o
    0x0800ad42   0x00000002   PAD
    0x0800ad44   0x0000011c   Code   RO         1160    .text               stm32f10x_exti.o
    0x0800ae60   0x00000598   Code   RO         1172    .text               lv_disp.o
    0x0800b3f8   0x000005ce   Code   RO         1303    .text               lv_group.o
    0x0800b9c6   0x00000002   PAD
    0x0800b9c8   0x00001abc   Code   RO         1422    .text               lv_indev.o
    0x0800d484   0x00005398   Code   RO         1460    .text               lv_obj.o
    0x0801281c   0x00000aac   Code   RO         1557    .text               lv_refr.o
    0x080132c8   0x00000dc8   Code   RO         1612    .text               lv_style.o
    0x08014090   0x00000b24   Code   RO         1649    .text               lv_draw_arc.o
    0x08014bb4   0x00001098   Code   RO         1721    .text               lv_draw_blend.o
    0x08015c4c   0x00000bb0   Code   RO         1834    .text               lv_draw_img.o
    0x080167fc   0x00000f68   Code   RO         1917    .text               lv_draw_label.o
    0x08017764   0x00000b92   Code   RO         2001    .text               lv_draw_line.o
    0x080182f6   0x00000002   PAD
    0x080182f8   0x00001614   Code   RO         2089    .text               lv_draw_mask.o
    0x0801990c   0x0000260c   Code   RO         2149    .text               lv_draw_rect.o
    0x0801bf18   0x00000fa8   Code   RO         2240    .text               lv_img_buf.o
    0x0801cec0   0x0000027c   Code   RO         2270    .text               lv_img_cache.o
    0x0801d13c   0x00000aa0   Code   RO         2309    .text               lv_img_decoder.o
    0x0801dbdc   0x00000050   Code   RO         2346    .text               lv_font.o
    0x0801dc2c   0x000007ec   Code   RO         2656    .text               lv_font_fmt_txt.o
    0x0801e418   0x000003d4   Code   RO         3229    .text               lv_hal_disp.o
    0x0801e7ec   0x00000130   Code   RO         3376    .text               lv_hal_indev.o
    0x0801e91c   0x0000004c   Code   RO         3489    .text               lv_hal_tick.o
    0x0801e968   0x00000628   Code   RO         3512    .text               lv_anim.o
    0x0801ef90   0x000007b8   Code   RO         3603    .text               lv_area.o
    0x0801f748   0x0000005c   Code   RO         3622    .text               lv_async.o
    0x0801f7a4   0x000003e0   Code   RO         3667    .text               lv_color.o
    0x0801fb84   0x000000e8   Code   RO         3683    .text               lv_debug.o
    0x0801fc6c   0x00000630   Code   RO         3699    .text               lv_fs.o
    0x0802029c   0x000000dc   Code   RO         3728    .text               lv_gc.o
    0x08020378   0x00000344   Code   RO         3753    .text               lv_ll.o
    0x080206bc   0x00000214   Code   RO         3771    .text               lv_math.o
    0x080208d0   0x00000968   Code   RO         3785    .text               lv_mem.o
    0x08021238   0x00000930   Code   RO         3801    .text               lv_printf.o
    0x08021b68   0x00000414   Code   RO         3813    .text               lv_task.o
    0x08021f7c   0x00000868   Code   RO         3832    .text               lv_txt.o
    0x080227e4   0x000000d4   Code   RO         3921    .text               lv_utils.o
    0x080228b8   0x00000450   Code   RO         3936    .text               lv_theme.o
    0x08022d08   0x000055ee   Code   RO         4232    .text               lv_theme_material.o
    0x080282f6   0x00000002   PAD
    0x080282f8   0x0000186c   Code   RO         4547    .text               lv_arc.o
    0x08029b64   0x00000cce   Code   RO         4695    .text               lv_bar.o
    0x0802a832   0x00000002   PAD
    0x0802a834   0x000003ec   Code   RO         4778    .text               lv_btn.o
    0x0802ac20   0x0000100a   Code   RO         5046    .text               lv_cont.o
    0x0802bc2a   0x00000002   PAD
    0x0802bc2c   0x00001340   Code   RO         5331    .text               lv_img.o
    0x0802cf6c   0x00001ab4   Code   RO         5524    .text               lv_label.o
    0x0802ea20   0x00000fc4   Code   RO         5721    .text               lv_list.o
    0x0802f9e4   0x00001db0   Code   RO         5867    .text               lv_page.o
    0x08031794   0x000004f4   Code   RO         6056    .text               lv_spinner.o
    0x08031c88   0x00000070   Code   RO         6355    .text               lv_port_disp.o
    0x08031cf8   0x000001fc   Code   RO         6628    .text               lv_port_indev.o
    0x08031ef4   0x00001074   Code   RO         6647    .text               my_gui.o
    0x08032f68   0x00000b68   Code   RO         7055    .text               display_waves.o
    0x08033ad0   0x00000002   Code   RO         7379    .text               c_w.l(use_no_semi_2.o)
    0x08033ad2   0x000000ee   Code   RO         7437    .text               c_w.l(lludivv7m.o)
    0x08033bc0   0x00000018   Code   RO         7443    .text               c_w.l(noretval__2printf.o)
    0x08033bd8   0x00000028   Code   RO         7445    .text               c_w.l(noretval__2sprintf.o)
    0x08033c00   0x00000052   Code   RO         7451    .text               c_w.l(_printf_str.o)
    0x08033c52   0x00000002   PAD
    0x08033c54   0x00000078   Code   RO         7453    .text               c_w.l(_printf_dec.o)
    0x08033ccc   0x00000058   Code   RO         7458    .text               c_w.l(_printf_hex_int.o)
    0x08033d24   0x00000138   Code   RO         7488    .text               c_w.l(__printf_flags_wp.o)
    0x08033e5c   0x00000058   Code   RO         7500    .text               c_w.l(memcmp.o)
    0x08033eb4   0x00000048   Code   RO         7502    .text               c_w.l(strcpy.o)
    0x08033efc   0x0000003e   Code   RO         7504    .text               c_w.l(strlen.o)
    0x08033f3a   0x00000064   Code   RO         7510    .text               c_w.l(rt_memcpy_w.o)
    0x08033f9e   0x00000002   PAD
    0x08033fa0   0x00000080   Code   RO         7518    .text               c_w.l(strcmpv7m.o)
    0x08034020   0x00000006   Code   RO         7520    .text               c_w.l(heapauxi.o)
    0x08034026   0x00000002   Code   RO         7588    .text               c_w.l(use_no_semi.o)
    0x08034028   0x00000016   Code   RO         7628    .text               c_w.l(_rserrno.o)
    0x0803403e   0x000000b2   Code   RO         7630    .text               c_w.l(_printf_intcommon.o)
    0x080340f0   0x00000030   Code   RO         7632    .text               c_w.l(_printf_char_common.o)
    0x08034120   0x0000000a   Code   RO         7634    .text               c_w.l(_sputc.o)
    0x0803412a   0x0000002c   Code   RO         7636    .text               c_w.l(_printf_char.o)
    0x08034156   0x00000002   PAD
    0x08034158   0x00000024   Code   RO         7638    .text               c_w.l(_printf_char_file.o)
    0x0803417c   0x00000008   Code   RO         7703    .text               c_w.l(libspace.o)
    0x08034184   0x00000008   Code   RO         7726    .text               c_w.l(rt_errno_addr_intlibspace.o)
    0x0803418c   0x00000008   Code   RO         7738    .text               c_w.l(ferror.o)
    0x08034194   0x0000004a   Code   RO         7754    .text               c_w.l(sys_stackheap_outer.o)
    0x080341de   0x0000000c   Code   RO         7760    .text               c_w.l(exit.o)
    0x080341ea   0x0000000e   Code   RO         7486    i._is_digit         c_w.l(__printf_wp.o)
    0x080341f8   0x0000004c   Code   RO         7581    i.sqrt              m_ws.l(sqrt.o)
    0x08034244   0x00000062   Code   RO         7524    x$fpl$d2f           fz_ws.l(d2f.o)
    0x080342a6   0x00000002   PAD
    0x080342a8   0x00000150   Code   RO         7526    x$fpl$dadd          fz_ws.l(daddsub_clz.o)
    0x080343f8   0x00000018   Code   RO         7688    x$fpl$dcmpinf       fz_ws.l(dcmpi.o)
    0x08034410   0x0000005e   Code   RO         7532    x$fpl$dfix          fz_ws.l(dfix.o)
    0x0803446e   0x00000002   PAD
    0x08034470   0x0000005a   Code   RO         7536    x$fpl$dfixu         fz_ws.l(dfixu.o)
    0x080344ca   0x0000002e   Code   RO         7541    x$fpl$dflt          fz_ws.l(dflt_clz.o)
    0x080344f8   0x00000026   Code   RO         7540    x$fpl$dfltu         fz_ws.l(dflt_clz.o)
    0x0803451e   0x00000002   PAD
    0x08034520   0x00000078   Code   RO         7546    x$fpl$dleqf         fz_ws.l(dleqf.o)
    0x08034598   0x00000154   Code   RO         7548    x$fpl$dmul          fz_ws.l(dmul.o)
    0x080346ec   0x0000009c   Code   RO         7690    x$fpl$dnaninf       fz_ws.l(dnaninf.o)
    0x08034788   0x0000000c   Code   RO         7692    x$fpl$dretinf       fz_ws.l(dretinf.o)
    0x08034794   0x0000006c   Code   RO         7550    x$fpl$drleqf        fz_ws.l(drleqf.o)
    0x08034800   0x00000016   Code   RO         7527    x$fpl$drsb          fz_ws.l(daddsub_clz.o)
    0x08034816   0x00000002   PAD
    0x08034818   0x000001cc   Code   RO         7694    x$fpl$dsqrt         fz_ws.l(dsqrt_noumaal.o)
    0x080349e4   0x000001d4   Code   RO         7528    x$fpl$dsub          fz_ws.l(daddsub_clz.o)
    0x08034bb8   0x00000056   Code   RO         7552    x$fpl$f2d           fz_ws.l(f2d.o)
    0x08034c0e   0x00000002   PAD
    0x08034c10   0x000000c4   Code   RO         7554    x$fpl$fadd          fz_ws.l(faddsub_clz.o)
    0x08034cd4   0x00000184   Code   RO         7561    x$fpl$fdiv          fz_ws.l(fdiv.o)
    0x08034e58   0x00000036   Code   RO         7564    x$fpl$ffix          fz_ws.l(ffix.o)
    0x08034e8e   0x00000002   PAD
    0x08034e90   0x0000003e   Code   RO         7568    x$fpl$ffixu         fz_ws.l(ffixu.o)
    0x08034ece   0x00000002   PAD
    0x08034ed0   0x00000030   Code   RO         7573    x$fpl$fflt          fz_ws.l(fflt_clz.o)
    0x08034f00   0x00000026   Code   RO         7572    x$fpl$ffltu         fz_ws.l(fflt_clz.o)
    0x08034f26   0x00000002   PAD
    0x08034f28   0x00000102   Code   RO         7578    x$fpl$fmul          fz_ws.l(fmul.o)
    0x0803502a   0x0000008c   Code   RO         7696    x$fpl$fnaninf       fz_ws.l(fnaninf.o)
    0x080350b6   0x0000000a   Code   RO         7698    x$fpl$fretinf       fz_ws.l(fretinf.o)
    0x080350c0   0x000000ea   Code   RO         7556    x$fpl$fsub          fz_ws.l(faddsub_clz.o)
    0x080351aa   0x00000000   Code   RO         7700    x$fpl$usenofp       fz_ws.l(usenofp.o)
    0x080351aa   0x000017c0   Data   RO          527    .constdata          lcd.o
    0x0803696a   0x00000002   PAD
    0x0803696c   0x00000004   Data   RO          615    .constdata          touch.o
    0x08036970   0x0000000a   Data   RO          875    .constdata          ott2001a.o
    0x0803697a   0x0000000a   Data   RO          895    .constdata          ft5206.o
    0x08036984   0x000000c2   Data   RO          911    .constdata          gt9147.o
    0x08036a46   0x00000002   PAD
    0x08036a48   0x0000004c   Data   RO          985    .constdata          ecg_resp_pross.o
    0x08036a94   0x00000002   Data   RO         1461    .constdata          lv_obj.o
    0x08036a96   0x00000002   PAD
    0x08036a98   0x0000000a   Data   RO         1835    .constdata          lv_draw_img.o
    0x08036aa2   0x00000002   PAD
    0x08036aa4   0x00000122   Data   RO         1919    .constdata          lv_draw_label.o
    0x08036bc6   0x00000021   Data   RO         2002    .constdata          lv_draw_line.o
    0x08036be7   0x00000001   PAD
    0x08036be8   0x00000002   Data   RO         2150    .constdata          lv_draw_rect.o
    0x08036bea   0x00000002   PAD
    0x08036bec   0x00002bd0   Data   RO         2768    .constdata          lv_font_montserrat_12.o
    0x080397bc   0x00003408   Data   RO         2801    .constdata          lv_font_montserrat_14.o
    0x0803cbc4   0x00003ca4   Data   RO         2828    .constdata          lv_font_montserrat_16.o
    0x08040868   0x00005304   Data   RO         2882    .constdata          lv_font_montserrat_20.o
    0x08045b6c   0x00000006   Data   RO         3230    .constdata          lv_hal_disp.o
    0x08045b72   0x00000002   PAD
    0x08045b74   0x00000008   Data   RO         3513    .constdata          lv_anim.o
    0x08045b7c   0x00000002   Data   RO         3668    .constdata          lv_color.o
    0x08045b7e   0x00000011   Data   RO         3684    .constdata          lv_debug.o
    0x08045b8f   0x00000001   PAD
    0x08045b90   0x000000b6   Data   RO         3772    .constdata          lv_math.o
    0x08045c46   0x00000002   PAD
    0x08045c48   0x00000046   Data   RO         4234    .constdata          lv_theme_material.o
    0x08045c8e   0x00000008   Data   RO         6629    .constdata          lv_port_indev.o
    0x08045c96   0x00000002   PAD
    0x08045c98   0x0000000e   Data   RO         6649    .constdata          my_gui.o
    0x08045ca6   0x00000002   PAD
    0x08045ca8   0x0000002a   Data   RO         7057    .constdata          display_waves.o
    0x08045cd2   0x00000002   PAD
    0x08045cd4   0x0000036c   Data   RO         7089    .constdata          battery_full_icon.o
    0x08046040   0x00000390   Data   RO         7098    .constdata          battery_empty_icon.o
    0x080463d0   0x0000036c   Data   RO         7107    .constdata          battery_level1_icon.o
    0x0804673c   0x0000036c   Data   RO         7116    .constdata          battery_level2_icon.o
    0x08046aa8   0x0000036c   Data   RO         7125    .constdata          battery_level3_icon.o
    0x08046e14   0x0000036c   Data   RO         7134    .constdata          battery_level4_icon.o
    0x08047180   0x00001d58   Data   RO         7179    .constdata          data_review_icon.o
    0x08048ed8   0x00001b0c   Data   RO         7197    .constdata          ecg_recorder_icon.o
    0x0804a9e4   0x0000156c   Data   RO         7215    .constdata          pulse_oximeter_icon.o
    0x0804bf50   0x00001b0c   Data   RO         7233    .constdata          settings_icon.o
    0x0804da5c   0x000006cc   Data   RO         7251    .constdata          red_heart.o
    0x0804e128   0x00000d34   Data   RO         7260    .constdata          back_icon.o
    0x0804ee5c   0x00000a40   Data   RO         7269    .constdata          play_icon.o
    0x0804f89c   0x00000578   Data   RO         7278    .constdata          exclamation_icon.o
    0x0804fe14   0x00000af4   Data   RO         7287    .constdata          about_set.o
    0x08050908   0x00000d98   Data   RO         7296    .constdata          bluethoot_set.o
    0x080516a0   0x00000b50   Data   RO         7305    .constdata          brightness_set.o
    0x080521f0   0x00000d98   Data   RO         7314    .constdata          datetime_set.o
    0x08052f88   0x00000b50   Data   RO         7323    .constdata          ecglenght_set.o
    0x08053ad8   0x00000b50   Data   RO         7332    .constdata          erase_set.o
    0x08054628   0x00000b50   Data   RO         7341    .constdata          factoryreset_set.o
    0x08055178   0x00000b50   Data   RO         7350    .constdata          softwareupdate_set.o
    0x08055cc8   0x00000e68   Data   RO         7359    .constdata          topc_set.o
    0x08056b30   0x00000c0c   Data   RO         7368    .constdata          voice_set.o
    0x0805773c   0x00000028   Data   RO         7459    .constdata          c_w.l(_printf_hex_int.o)
    0x08057764   0x00000011   Data   RO         7489    .constdata          c_w.l(__printf_flags_wp.o)
    0x08057775   0x00000003   PAD
    0x08057778   0x00000079   Data   RO          616    .conststring        touch.o
    0x080577f1   0x00000003   PAD
    0x080577f4   0x00000051   Data   RO         3787    .conststring        lv_mem.o
    0x08057845   0x00000003   PAD
    0x08057848   0x00000020   Data   RO         7835    Region$$Table       anon$$obj.o


    Execution Region RW_IRAM1 (Base: 0x20000000, Size: 0x0000b2c8, Max: 0x00010000, ABSOLUTE, COMPRESSED[0x0000034c])

    Base Addr    Size         Type   Attr      Idx    E Section Name        Object

    0x20000000   0x00000001   Data   RW            2    .data               main.o
    0x20000001   0x00000003   PAD
    0x20000004   0x00000014   Data   RW          483    .data               system_stm32f10x.o
    0x20000018   0x00000001   Data   RW          513    .data               key.o
    0x20000019   0x00000001   PAD
    0x2000001a   0x00000004   Data   RW          528    .data               lcd.o
    0x2000001e   0x00000002   PAD
    0x20000020   0x00000036   Data   RW          617    .data               touch.o
    0x20000056   0x00000001   Data   RW          876    .data               ott2001a.o
    0x20000057   0x00000001   Data   RW          896    .data               ft5206.o
    0x20000058   0x00000001   Data   RW          912    .data               gt9147.o
    0x20000059   0x00000003   PAD
    0x2000005c   0x00000025   Data   RW          940    .data               ads1292.o
    0x20000081   0x00000007   PAD
    0x20000088   0x0000032a   Data   RW          986    .data               ecg_resp_pross.o
    0x200003b2   0x00000004   Data   RW         1004    .data               delay.o
    0x200003b6   0x00000002   PAD
    0x200003b8   0x00000006   Data   RW         1036    .data               usart.o
    0x200003be   0x00000014   Data   RW         1111    .data               stm32f10x_rcc.o
    0x200003d2   0x00000002   PAD
    0x200003d4   0x00000008   Data   RW         1423    .data               lv_indev.o
    0x200003dc   0x0000000c   Data   RW         1462    .data               lv_obj.o
    0x200003e8   0x00000008   Data   RW         1558    .data               lv_refr.o
    0x200003f0   0x00000008   Data   RW         1920    .data               lv_draw_label.o
    0x200003f8   0x00000002   Data   RW         2271    .data               lv_img_cache.o
    0x200003fa   0x00000002   PAD
    0x200003fc   0x0000000c   Data   RW         2657    .data               lv_font_fmt_txt.o
    0x20000408   0x00000034   Data   RW         2769    .data               lv_font_montserrat_12.o
    0x2000043c   0x00000034   Data   RW         2802    .data               lv_font_montserrat_14.o
    0x20000470   0x00000034   Data   RW         2829    .data               lv_font_montserrat_16.o
    0x200004a4   0x00000034   Data   RW         2883    .data               lv_font_montserrat_20.o
    0x200004d8   0x00000004   Data   RW         3231    .data               lv_hal_disp.o
    0x200004dc   0x00000005   Data   RW         3490    .data               lv_hal_tick.o
    0x200004e1   0x00000003   PAD
    0x200004e4   0x0000000c   Data   RW         3514    .data               lv_anim.o
    0x200004f0   0x0000001c   Data   RW         3730    .data               lv_gc.o
    0x2000050c   0x0000001e   Data   RW         3788    .data               lv_mem.o
    0x2000052a   0x00000002   PAD
    0x2000052c   0x00000010   Data   RW         3814    .data               lv_task.o
    0x2000053c   0x00000020   Data   RW         3833    .data               lv_txt.o
    0x2000055c   0x00000004   Data   RW         3937    .data               lv_theme.o
    0x20000560   0x00000004   Data   RW         4235    .data               lv_theme_material.o
    0x20000564   0x00000008   Data   RW         4548    .data               lv_arc.o
    0x2000056c   0x00000008   Data   RW         4696    .data               lv_bar.o
    0x20000574   0x00000008   Data   RW         4779    .data               lv_btn.o
    0x2000057c   0x0000000c   Data   RW         5047    .data               lv_cont.o
    0x20000588   0x00000004   Data   RW         5332    .data               lv_img.o
    0x2000058c   0x00000004   Data   RW         5525    .data               lv_label.o
    0x20000590   0x00000010   Data   RW         5722    .data               lv_list.o
    0x200005a0   0x00000008   Data   RW         5868    .data               lv_page.o
    0x200005a8   0x00000008   Data   RW         6057    .data               lv_spinner.o
    0x200005b0   0x00000025   Data   RW         6630    .data               lv_port_indev.o
    0x200005d5   0x00000003   PAD
    0x200005d8   0x00000050   Data   RW         6650    .data               my_gui.o
    0x20000628   0x0000001c   Data   RW         7058    .data               display_waves.o
    0x20000644   0x0000000e   Zero   RW          526    .bss                lcd.o
    0x20000652   0x00000015   Zero   RW          939    .bss                ads1292.o
    0x20000667   0x00000001   PAD
    0x20000668   0x00000650   Zero   RW          984    .bss                ecg_resp_pross.o
    0x20000cb8   0x000000c8   Zero   RW         1035    .bss                usart.o
    0x20000d80   0x00000100   Zero   RW         1918    .bss                lv_draw_label.o
    0x20000e80   0x0000016c   Zero   RW         3729    .bss                lv_gc.o
    0x20000fec   0x00008020   Zero   RW         3786    .bss                lv_mem.o
    0x2000900c   0x00000028   Zero   RW         4233    .bss                lv_theme_material.o
    0x20009034   0x00001924   Zero   RW         6356    .bss                lv_port_disp.o
    0x2000a958   0x00000054   Zero   RW         6648    .bss                my_gui.o
    0x2000a9ac   0x00000004   PAD
    0x2000a9b0   0x000000b4   Zero   RW         7056    .bss                display_waves.o
    0x2000aa64   0x00000060   Zero   RW         7704    .bss                c_w.l(libspace.o)
    0x2000aac4   0x00000004   PAD
    0x2000aac8   0x00000000   Zero   RW         1068    HEAP                startup_stm32f10x_hd.o
    0x2000aac8   0x00000800   Zero   RW         1067    STACK               startup_stm32f10x_hd.o


==============================================================================

Image component sizes


      Code (inc. data)   RO Data    RW Data    ZI Data      Debug   Object Name

       378          0          0          0          0       2602   24cxx.o
         0          0       2804          0          0        562   about_set.o
      1652        170          0         37         21       8361   ads1292.o
         0          0       3380          0          0        562   back_icon.o
         0          0        912          0          0        640   battery_empty_icon.o
         0          0        876          0          0        626   battery_full_icon.o
         0          0        876          0          0        650   battery_level1_icon.o
         0          0        876          0          0        650   battery_level2_icon.o
         0          0        876          0          0        650   battery_level3_icon.o
         0          0        876          0          0        650   battery_level4_icon.o
         0          0       3480          0          0        594   bluethoot_set.o
         0          0       2896          0          0        608   brightness_set.o
       644         24          0          0          0       2005   ctiic.o
         0          0       7512          0          0        624   data_review_icon.o
         0          0       3480          0          0        592   datetime_set.o
       204          8          0          4          0       1019   delay.o
      2920        320         42         28        180      35840   display_waves.o
         0          0       6924          0          0        626   ecg_recorder_icon.o
      3456        326         76        810       1616       8942   ecg_resp_pross.o
         0          0       2896          0          0        594   ecglenght_set.o
         0          0       2896          0          0        562   erase_set.o
         0          0       1400          0          0        624   exclamation_icon.o
        40         12          0          0          0        455   exti.o
         0          0       2896          0          0        624   factoryreset_set.o
       824         38         10          1          0       2411   ft5206.o
      1112         74        194          1          0       2926   gt9147.o
       216         14          0          1          0        784   key.o
     19030        162       6080          4         14      21618   lcd.o
        76          8          0          0          0        475   led.o
      1576         40          8         12          0      30631   lv_anim.o
      6252         58          0          8          0      85076   lv_arc.o
      1976         22          0          0          0       6472   lv_area.o
        92          6          0          0          0       2490   lv_async.o
      3278         72          0          8          0      61683   lv_bar.o
         0          0          0          0          0       1364   lv_bidi.o
      1004         64          0          8          0      15434   lv_btn.o
         0          0          0          0          0       2865   lv_calendar.o
       992         12          2          0          0       9485   lv_color.o
      4106         56          0         12          0      45366   lv_cont.o
       232          6         17          0          0       2301   lv_debug.o
      1432         30          0          0          0      67478   lv_disp.o
      2852          0          0          0          0      31590   lv_draw_arc.o
      4248          8          0          0          0      43546   lv_draw_blend.o
      2992         52         10          0          0      48950   lv_draw_img.o
      3944         56        290          8        256      35513   lv_draw_label.o
      2962          4         33          0          0      34233   lv_draw_line.o
      5652         76          0          0          0      18494   lv_draw_mask.o
      9740          8          2          0          0      44199   lv_draw_rect.o
         0          0          0          0          0      15220   lv_dropdown.o
        80          0          0          0          0       9369   lv_font.o
         0          0          0          0          0       7444   lv_font_dejavu_16_persian_hebrew.o
      2028         78          0         12          0       9437   lv_font_fmt_txt.o
         0          0      11216         52          0       2654   lv_font_montserrat_12.o
         0          0      13320         52          0       2654   lv_font_montserrat_14.o
         0          0      15524         52          0       2654   lv_font_montserrat_16.o
         0          0      21252         52          0       2658   lv_font_montserrat_20.o
      1584         30          0          0          0      13597   lv_fs.o
         0          0          0          0          0      14260   lv_gauge.o
       220         72          0         28        364       2916   lv_gc.o
      1486         38          0          0          0      39355   lv_group.o
       980         34          6          4          0      35121   lv_hal_disp.o
       304         24          0          0          0      26023   lv_hal_indev.o
        76         10          0          5          0       1468   lv_hal_tick.o
      4928         52          0          4          0      37831   lv_img.o
      4008         32          0          0          0      19871   lv_img_buf.o
       636         28          0          2          0       7111   lv_img_cache.o
      2720         48          0          0          0      19761   lv_img_decoder.o
      6844         56          0          8          0      22318   lv_indev.o
      6836        158          0          4          0      60694   lv_label.o
         0          0          0          0          0       8072   lv_line.o
      4036        112          0         16          0      56228   lv_list.o
       836          0          0          0          0       5359   lv_ll.o
       532          6        182          0          0       3223   lv_math.o
      2408         94         81         30      32800       7755   lv_mem.o
     21400        236          2         12          0     130216   lv_obj.o
      7600        108          0          8          0      70803   lv_page.o
       112         12          0          0       6436      34608   lv_port_disp.o
       508         56          8         37          0       4230   lv_port_indev.o
      2352         10          0          0          0       7671   lv_printf.o
      2732         24          0          8          0      44740   lv_refr.o
      1268         66          0          8          0       9934   lv_spinner.o
      3528         18          0          0          0      22089   lv_style.o
      1044         58          0         16          0       5290   lv_task.o
      1104         52          0          4          0      41659   lv_theme.o
     21998        492         70          4         40      65205   lv_theme_material.o
      2152         52          0         32          0      12945   lv_txt.o
       212          0          0          0          0       1385   lv_utils.o
       160         28          0          1          0     288489   main.o
       220         22          0          0          0       1757   misc.o
      4212        544         14         80         84      70098   my_gui.o
         0          0          0          0          0      23128   my_gui_theme.o
       620         14          0          0          0       1840   myiic.o
       876         56         10          1          0       2567   ott2001a.o
         0          0       2624          0          0        562   play_icon.o
         0          0       5484          0          0        650   pulse_oximeter_icon.o
         0          0       1740          0          0        562   red_heart.o
         0          0       6924          0          0        594   settings_icon.o
         0          0       2896          0          0        640   softwareupdate_set.o
       484         16          0          0          0       1748   spi.o
        60         22        304          0       2048        780   startup_stm32f10x_hd.o
       284         10          0          0          0       2191   stm32f10x_exti.o
      1548         18          0          0          0       5303   stm32f10x_fsmc.o
       860         38          0          0          0       5601   stm32f10x_gpio.o
        26          0          0          0          0       1158   stm32f10x_it.o
       932         36          0         20          0       8752   stm32f10x_rcc.o
       780         14          0          0          0       6486   stm32f10x_spi.o
      3610         88          0          0          0      22088   stm32f10x_tim.o
      1032         22          0          0          0       8328   stm32f10x_usart.o
         0          0          0          0          0         32   sys.o
       480         38          0         20          0       1671   system_stm32f10x.o
       144         10          0          0          0        756   timer.o
         0          0       3688          0          0        560   topc_set.o
      4020        222        125         54          0      26908   touch.o
       320         18          0          6        200       3062   usart.o
         0          0       3084          0          0        562   voice_set.o

    ----------------------------------------------------------------------
    211120       4998     141234       1604      44064    2055747   Object Totals
         0          0         32          0          0          0   (incl. Generated)
        18          0         28         30          5          0   (incl. Padding)

    ----------------------------------------------------------------------

      Code (inc. data)   RO Data    RW Data    ZI Data      Debug   Library Member Name

        90          0          0          0          0          0   __dczerorl2.o
         8          0          0          0          0         68   __main.o
       312          4         17          0          0         92   __printf_flags_wp.o
        14          0          0          0          0         68   __printf_wp.o
         0          0          0          0          0          0   __rtentry.o
        12          0          0          0          0          0   __rtentry2.o
         6          0          0          0          0          0   __rtentry4.o
        52          8          0          0          0          0   __scatter.o
        28          0          0          0          0          0   __scatter_zi.o
        44          0          0          0          0        108   _printf_char.o
        48          6          0          0          0         96   _printf_char_common.o
        36          4          0          0          0         80   _printf_char_file.o
         6          0          0          0          0          0   _printf_d.o
       120         16          0          0          0         92   _printf_dec.o
        88          4         40          0          0         88   _printf_hex_int.o
       178          0          0          0          0         88   _printf_intcommon.o
         0          0          0          0          0          0   _printf_percent.o
         4          0          0          0          0          0   _printf_percent_end.o
         6          0          0          0          0          0   _printf_s.o
        82          0          0          0          0         80   _printf_str.o
         6          0          0          0          0          0   _printf_x.o
        22          0          0          0          0        100   _rserrno.o
        10          0          0          0          0         68   _sputc.o
        12          0          0          0          0         72   exit.o
         8          0          0          0          0         68   ferror.o
         6          0          0          0          0        152   heapauxi.o
         2          0          0          0          0          0   libinit.o
         2          0          0          0          0          0   libinit2.o
         2          0          0          0          0          0   libshutdown.o
         2          0          0          0          0          0   libshutdown2.o
         8          4          0          0         96         68   libspace.o
       238          0          0          0          0        100   lludivv7m.o
        88          0          0          0          0         76   memcmp.o
        24          4          0          0          0         84   noretval__2printf.o
        40          6          0          0          0         84   noretval__2sprintf.o
         8          4          0          0          0         68   rt_errno_addr_intlibspace.o
       100          0          0          0          0         80   rt_memcpy_w.o
         2          0          0          0          0          0   rtexit.o
        10          0          0          0          0          0   rtexit2.o
       128          0          0          0          0         68   strcmpv7m.o
        72          0          0          0          0         80   strcpy.o
        62          0          0          0          0         76   strlen.o
        74          0          0          0          0         80   sys_stackheap_outer.o
         2          0          0          0          0         68   use_no_semi.o
         2          0          0          0          0         68   use_no_semi_2.o
        98          4          0          0          0         92   d2f.o
       826         16          0          0          0        348   daddsub_clz.o
        24          0          0          0          0         68   dcmpi.o
        94          4          0          0          0         92   dfix.o
        90          4          0          0          0         92   dfixu.o
        84          0          0          0          0        136   dflt_clz.o
       120          4          0          0          0         92   dleqf.o
       340         12          0          0          0        104   dmul.o
       156          4          0          0          0         92   dnaninf.o
        12          0          0          0          0         68   dretinf.o
       108          0          0          0          0         80   drleqf.o
       460         56          0          0          0        120   dsqrt_noumaal.o
        86          4          0          0          0         84   f2d.o
       430          8          0          0          0        168   faddsub_clz.o
       388         76          0          0          0         96   fdiv.o
        54          4          0          0          0         84   ffix.o
        62          4          0          0          0         84   ffixu.o
        86          0          0          0          0        136   fflt_clz.o
       258          4          0          0          0         84   fmul.o
       140          4          0          0          0         84   fnaninf.o
        10          0          0          0          0         68   fretinf.o
         0          0          0          0          0          0   usenofp.o
        76          0          0          0          0         84   sqrt.o

    ----------------------------------------------------------------------
      6090        268         60          0        100       4676   Library Totals
        24          0          3          0          4          0   (incl. Padding)

    ----------------------------------------------------------------------

      Code (inc. data)   RO Data    RW Data    ZI Data      Debug   Library Name

      2064         60         57          0         96       2320   c_w.l
      3926        208          0          0          0       2272   fz_ws.l
        76          0          0          0          0         84   m_ws.l

    ----------------------------------------------------------------------
      6090        268         60          0        100       4676   Library Totals

    ----------------------------------------------------------------------

==============================================================================


      Code (inc. data)   RO Data    RW Data    ZI Data      Debug   

    217210       5266     141294       1604      44164    2051319   Grand Totals
    217210       5266     141294        844      44164    2051319   ELF Image Totals (compressed)
    217210       5266     141294        844          0          0   ROM Totals

==============================================================================

    Total RO  Size (Code + RO Data)               358504 ( 350.10kB)
    Total RW  Size (RW Data + ZI Data)             45768 (  44.70kB)
    Total ROM Size (Code + RO Data + RW Data)     359348 ( 350.93kB)

==============================================================================

